// Jest Snapshot v1, https://goo.gl/fbAQLP

exports[`Author CheckBox can render author checkbox 1`] = `
<View
  accessible={true}
  focusable={true}
  isTVSelectable={true}
  onClick={[Function]}
  onResponderGrant={[Function]}
  onResponderMove={[Function]}
  onResponderRelease={[Function]}
  onResponderTerminate={[Function]}
  onResponderTerminationRequest={[Function]}
  onStartShouldSetResponder={[Function]}
  style={
    Object {
      "backgroundColor": "#fafafa",
      "borderColor": "#ededed",
      "borderRadius": 3,
      "borderWidth": 1,
      "margin": 5,
      "marginLeft": 10,
      "marginRight": 10,
      "opacity": 1,
      "padding": 10,
      "width": "calc(50% - 20px)",
    }
  }
  testID="checkbox"
>
  <View
    style={
      Object {
        "alignItems": "center",
        "flexDirection": "row",
      }
    }
  >
    <Text />
    <Text
      style={
        Object {
          "color": "#43484d",
          "fontWeight": "bold",
          "marginLeft": 10,
          "marginRight": 10,
        }
      }
      testID="checkboxTitle"
      theme={
        Object {
          "colors": Object {
            "disabled": "hsl(208, 8%, 90%)",
            "divider": "#bcbbc1",
            "error": "#ff190c",
            "grey0": "#393e42",
            "grey1": "#43484d",
            "grey2": "#5e6977",
            "grey3": "#86939e",
            "grey4": "#bdc6cf",
            "grey5": "#e1e8ee",
            "greyOutline": "#bbb",
            "platform": Object {
              "android": Object {
                "error": "#f44336",
                "primary": "#2196f3",
                "secondary": "#9C27B0",
                "success": "#4caf50",
                "warning": "#ffeb3b",
              },
              "ios": Object {
                "error": "#ff3b30",
                "primary": "#007aff",
                "secondary": "#5856d6",
                "success": "#4cd964",
                "warning": "#ffcc00",
              },
            },
            "primary": "#2089dc",
            "searchBg": "#303337",
            "secondary": "#8F0CE8",
            "success": "#52c41a",
            "warning": "#faad14",
          },
        }
      }
    >
      Test Author
    </Text>
  </View>
</View>
`;
